  Determining projects to restore...

Build FAILED.
    0 Warning(s)
    0 Error(s)

Time Elapsed 00:00:04.40
